I'm sorry, but errors were detected in your script. Please correct the
errors listed below, and try again.


File "game/battlesys/labels/prepare_battle.rpy", line 24: expected statement.
    "Java":
          ^

File "game/battlesys/labels/prepare_battle.rpy", line 26: expected statement.
    "Python":
            ^

File "game/battlesys/labels/prepare_battle.rpy", line 28: expected statement.
    "Ruby":
          ^

File "game/battlesys/labels/prepare_battle.rpy", line 30: expected statement.
    "Lua":
         ^

File "game/battlesys/labels/prepare_battle.rpy", line 50: expected statement.
    "Java":
          ^

File "game/battlesys/labels/prepare_battle.rpy", line 52: expected statement.
    "Python":
            ^

File "game/battlesys/labels/prepare_battle.rpy", line 54: expected statement.
    "Ruby":
          ^

File "game/battlesys/labels/prepare_battle.rpy", line 56: expected statement.
    "Lua":
         ^

Ren'Py Version: Ren'Py 8.1.1.23060707
Sun Oct 29 15:03:23 2023
